
[1m[7m[36m RUN [39m[27m[22m [36mv2.1.9 [39m[90mC:/Users/chad420/.openclaw/workspace/raybans-openclaw[39m

 [32mΓ£ô[39m src/agents/context-agent.test.ts[2m > [22mdetectContext[2m > [22mshould detect kitchen context from objects
 [32mΓ£ô[39m src/agents/context-agent.test.ts[2m > [22mdetectContext[2m > [22mshould detect grocery store from text patterns
 [32mΓ£ô[39m src/agents/context-agent.test.ts[2m > [22mdetectContext[2m > [22mshould detect workshop from tool objects
 [32mΓ£ô[39m src/agents/context-agent.test.ts[2m > [22mdetectContext[2m > [22mshould detect gym from equipment
 [32mΓ£ô[39m src/agents/context-agent.test.ts[2m > [22mdetectContext[2m > [22mshould detect outdoor nature from scene
 [32mΓ£ô[39m src/agents/context-agent.test.ts[2m > [22mdetectContext[2m > [22mshould detect restaurant from scene
 [32mΓ£ô[39m src/agents/context-agent.test.ts[2m > [22mdetectContext[2m > [22mshould detect vehicle context
 [32mΓ£ô[39m src/agents/context-agent.test.ts[2m > [22mdetectContext[2m > [22mshould detect medical context
 [32mΓ£ô[39m src/agents/context-agent.test.ts[2m > [22mdetectContext[2m > [22mshould detect office context
 [32mΓ£ô[39m src/agents/context-agent.test.ts[2m > [22mdetectContext[2m > [22mshould return unknown for ambiguous scenes
 [32mΓ£ô[39m src/agents/context-agent.test.ts[2m > [22mdetectContext[2m > [22mshould include indicators
 [32mΓ£ô[39m src/agents/context-agent.test.ts[2m > [22mdetectContext[2m > [22mshould use scene type mapping
 [32mΓ£ô[39m src/agents/context-agent.test.ts[2m > [22mcheckNutritionAlerts[2m > [22mshould alert gluten for gluten-free diet
 [31m├ù[39m src/agents/context-agent.test.ts[2m > [22mcheckNutritionAlerts[2m > [22mshould alert dairy for vegan diet
[31m   ΓåÆ expected false to be true // Object.is equality[39m
 [32mΓ£ô[39m src/agents/context-agent.test.ts[2m > [22mcheckNutritionAlerts[2m > [22mshould alert meat for vegetarian diet
 [32mΓ£ô[39m src/agents/context-agent.test.ts[2m > [22mcheckNutritionAlerts[2m > [22mshould alert nuts for nut-free diet
 [32mΓ£ô[39m src/agents/context-agent.test.ts[2m > [22mcheckNutritionAlerts[2m > [22mshould flag custom allergens
 [32mΓ£ô[39m src/agents/context-agent.test.ts[2m > [22mcheckNutritionAlerts[2m > [22mshould flag pork for halal diet
 [32mΓ£ô[39m src/agents/context-agent.test.ts[2m > [22mcheckNutritionAlerts[2m > [22mshould flag gelatin for vegetarian diet
 [32mΓ£ô[39m src/agents/context-agent.test.ts[2m > [22mcheckNutritionAlerts[2m > [22mshould flag high sugar relative to target
 [32mΓ£ô[39m src/agents/context-agent.test.ts[2m > [22mcheckNutritionAlerts[2m > [22mshould return empty for compatible food
 [32mΓ£ô[39m src/agents/context-agent.test.ts[2m > [22mcheckNutritionAlerts[2m > [22mshould handle seafood for vegetarian
 [32mΓ£ô[39m src/agents/context-agent.test.ts[2m > [22mcheckNutritionAlerts[2m > [22mshould flag alcohol for halal
 [32mΓ£ô[39m src/agents/context-agent.test.ts[2m > [22mlookupBoltSpec[2m > [22mshould find M8 bolt spec
 [32mΓ£ô[39m src/agents/context-agent.test.ts[2m > [22mlookupBoltSpec[2m > [22mshould find M10 bolt spec
 [32mΓ£ô[39m src/agents/context-agent.test.ts[2m > [22mlookupBoltSpec[2m > [22mshould find M12 bolt spec
 [32mΓ£ô[39m src/agents/context-agent.test.ts[2m > [22mlookupBoltSpec[2m > [22mshould find 1/4"-20 SAE bolt
 [32mΓ£ô[39m src/agents/context-agent.test.ts[2m > [22mlookupBoltSpec[2m > [22mshould find 1/2"-13 SAE bolt
 [32mΓ£ô[39m src/agents/context-agent.test.ts[2m > [22mlookupBoltSpec[2m > [22mshould return null for unknown bolt
 [32mΓ£ô[39m src/agents/context-agent.test.ts[2m > [22mContextAgent[2m > [22mhandle()[2m > [22mshould detect kitchen context and respond
 [32mΓ£ô[39m src/agents/context-agent.test.ts[2m > [22mContextAgent[2m > [22mhandle()[2m > [22mshould detect grocery context with nutrition alerts
 [32mΓ£ô[39m src/agents/context-agent.test.ts[2m > [22mContextAgent[2m > [22mhandle()[2m > [22mshould detect workshop context with bolt specs
 [32mΓ£ô[39m src/agents/context-agent.test.ts[2m > [22mContextAgent[2m > [22mhandle()[2m > [22mshould detect gym context
 [32mΓ£ô[39m src/agents/context-agent.test.ts[2m > [22mContextAgent[2m > [22mhandle()[2m > [22mshould include fitness limitations as alert in gym
 [32mΓ£ô[39m src/agents/context-agent.test.ts[2m > [22mContextAgent[2m > [22mhandle()[2m > [22mshould detect vehicle context with warnings
 [32mΓ£ô[39m src/agents/context-agent.test.ts[2m > [22mContextAgent[2m > [22mhandle()[2m > [22mshould flag low tire pressure
 [32mΓ£ô[39m src/agents/context-agent.test.ts[2m > [22mContextAgent[2m > [22mhandle()[2m > [22mshould detect medical context with safety disclaimer
 [32mΓ£ô[39m src/agents/context-agent.test.ts[2m > [22mContextAgent[2m > [22mhandle()[2m > [22mshould handle temperature conversion in kitchen (F to C)
 [32mΓ£ô[39m src/agents/context-agent.test.ts[2m > [22mContextAgent[2m > [22mhandle()[2m > [22mshould handle mm to inches conversion in workshop
 [32mΓ£ô[39m src/agents/context-agent.test.ts[2m > [22mContextAgent[2m > [22mhandle()[2m > [22mshould track calories against daily target in grocery
 [32mΓ£ô[39m src/agents/context-agent.test.ts[2m > [22mContextAgent[2m > [22mhandle()[2m > [22mshould update stats after response
 [32mΓ£ô[39m src/agents/context-agent.test.ts[2m > [22mContextAgent[2m > [22mhandle()[2m > [22mshould add to history
 [32mΓ£ô[39m src/agents/context-agent.test.ts[2m > [22mContextAgent[2m > [22mhandle()[2m > [22mshould not respond in silent mode
 [32mΓ£ô[39m src/agents/context-agent.test.ts[2m > [22mContextAgent[2m > [22mhandle()[2m > [22mshould detect product prices in grocery
 [31m├ù[39m src/agents/context-agent.test.ts[2m > [22mContextAgent[2m > [22mhandle()[2m > [22mshould identify items from products array
[31m   ΓåÆ expected undefined to be defined[39m
 [32mΓ£ô[39m src/agents/context-agent.test.ts[2m > [22mContextAgent[2m > [22mtask management[2m > [22mshould add a task
 [32mΓ£ô[39m src/agents/context-agent.test.ts[2m > [22mContextAgent[2m > [22mtask management[2m > [22mshould remove a task
 [32mΓ£ô[39m src/agents/context-agent.test.ts[2m > [22mContextAgent[2m > [22mtask management[2m > [22mshould update task step
 [32mΓ£ô[39m src/agents/context-agent.test.ts[2m > [22mContextAgent[2m > [22mtask management[2m > [22mshould include task progress in kitchen response
 [31m├ù[39m src/agents/context-agent.test.ts[2m > [22mContextAgent[2m > [22mtask management[2m > [22mshould include task progress in response
[31m   ΓåÆ expected 'Banana Bread' to be 'Test Recipe' // Object.is equality[39m
 [32mΓ£ô[39m src/agents/context-agent.test.ts[2m > [22mContextAgent[2m > [22mgenerateVoiceSummary()[2m > [22mshould prioritize critical alerts
 [32mΓ£ô[39m src/agents/context-agent.test.ts[2m > [22mContextAgent[2m > [22mgenerateVoiceSummary()[2m > [22mshould include identified item
 [32mΓ£ô[39m src/agents/context-agent.test.ts[2m > [22mContextAgent[2m > [22mgenerateVoiceSummary()[2m > [22mshould include task progress
 [32mΓ£ô[39m src/agents/context-agent.test.ts[2m > [22mContextAgent[2m > [22mgenerateVoiceSummary()[2m > [22mshould say nothing for empty responses
 [32mΓ£ô[39m src/agents/context-agent.test.ts[2m > [22mContextAgent[2m > [22mpreferences[2m > [22mshould update dietary profile
 [32mΓ£ô[39m src/agents/context-agent.test.ts[2m > [22mContextAgent[2m > [22mpreferences[2m > [22mshould update fitness profile
 [32mΓ£ô[39m src/agents/context-agent.test.ts[2m > [22mContextAgent[2m > [22mpreferences[2m > [22mshould set proactiveness
 [32mΓ£ô[39m src/agents/context-agent.test.ts[2m > [22mContextAgent[2m > [22mcontext tracking[2m > [22mshould track current context
 [32mΓ£ô[39m src/agents/context-agent.test.ts[2m > [22mContextAgent[2m > [22mcontext tracking[2m > [22mshould keep context history
 [32mΓ£ô[39m src/agents/context-agent.test.ts[2m > [22mContextAgent[2m > [22mstats[2m > [22mshould track total responses
 [32mΓ£ô[39m src/agents/context-agent.test.ts[2m > [22mContextAgent[2m > [22mstats[2m > [22mshould track context counts
 [32mΓ£ô[39m src/agents/context-agent.test.ts[2m > [22mContextAgent[2m > [22mstats[2m > [22mshould track items identified
 [32mΓ£ô[39m src/agents/context-agent.test.ts[2m > [22mContextAgent[2m > [22mstats[2m > [22mshould track alerts raised
 [32mΓ£ô[39m src/agents/context-agent.test.ts[2m > [22mContextAgent[2m > [22mstats[2m > [22mshould return copy of stats

node : [31mΓÄ»ΓÄ»ΓÄ»ΓÄ»ΓÄ»ΓÄ»ΓÄ»[1m[7m Failed Tests 3 [27m[22mΓÄ»ΓÄ»ΓÄ»ΓÄ»ΓÄ»ΓÄ»ΓÄ»[39m
At line:1 char:59
+ ... s-openclaw; node --max-old-space-size=4096 ./node_modules/vitest/vite ...
+                 ~~~~~~~~~~~~~~~~~~~~~~~~~~~~~~~~~~~~~~~~~~~~~~~~~~~~~~~~~
    + CategoryInfo          : NotSpecified: ([31mΓÄ»ΓÄ»ΓÄ»Γ...»ΓÄ»ΓÄ»ΓÄ»[39m:String) [], RemoteException
    + FullyQualifiedErrorId : NativeCommandError
 

[31m[1m[7m FAIL [27m[22m[39m src/agents/context-agent.test.ts[2m > [22mcheckNutritionAlerts[2m > [22mshould 
alert dairy for vegan diet
[31m[1mAssertionError[22m: expected false to be true // Object.is equality[39m

[32m- Expected[39m
[31m+ Received[39m

[32m- true[39m
[31m+ false[39m

[36m [2mΓ¥»[22m src/agents/context-agent.test.ts:[2m182:72[22m[39m
    [90m180| [39m    )[33m;[39m
    [90m181| [39m    [34mexpect[39m(alerts[33m.[39m[34msome[39m(a [33m=>[39m 
a[33m.[39mmessage[33m.[39m[34mtoLowerCase[39m()[33m.[39m[34mincludes[39m([32m'dairy'[39m))ΓÇª
    [90m182| [39m    [34mexpect[39m(alerts[33m.[39m[34msome[39m(a [33m=>[39m 
a[33m.[39mmessage[33m.[39m[34mtoLowerCase[39m()[33m.[39m[34mincludes[39m([32m'eggs'[39m)))ΓÇª
    [90m   | [39m                                                                       [31m^[39m
    [90m183| [39m  })[33m;[39m
    [90m184| [39m

[31m[2mΓÄ»ΓÄ»ΓÄ»ΓÄ»ΓÄ»ΓÄ»ΓÄ»ΓÄ»ΓÄ»ΓÄ»ΓÄ»ΓÄ»ΓÄ»ΓÄ»ΓÄ»ΓÄ»ΓÄ»ΓÄ»ΓÄ»ΓÄ»ΓÄ»ΓÄ»ΓÄ»ΓÄ»[1/3]ΓÄ»[22m[39m

[31m[1m[7m FAIL [27m[22m[39m src/agents/context-agent.test.ts[2m > [22mContextAgent[2m > [22mhandle()[2m > 
[22mshould identify items from products array
[31m[1mAssertionError[22m: expected undefined to be defined[39m
[36m [2mΓ¥»[22m src/agents/context-agent.test.ts:[2m510:37[22m[39m
    [90m508| [39m      [35mconst[39m result [33m=[39m [35mawait[39m 
agent[33m.[39m[34mhandle[39m([33mBuffer[39m[33m.[39m[35mfrom[39m([32m'test'[39m)[33m,[39m 
analysis)[33m;[39m
    [90m509| [39m
    [90m510| [39m      [34mexpect[39m(result[33m.[39midentifiedItem)[33m.[39m[34mtoBeDefined[39m()[33m;[39m
    [90m   | [39m                                    [31m^[39m
    [90m511| [39m      [34mexpect[39m(result[33m.[39midentifiedItem[33m![39m[33m.[39mname)[33m.[39m[34mtoB
e[39m([32m'Cheerios'[39m)[33m;[39m
    [90m512| [39m    })[33m;[39m

[31m[2mΓÄ»ΓÄ»ΓÄ»ΓÄ»ΓÄ»ΓÄ»ΓÄ»ΓÄ»ΓÄ»ΓÄ»ΓÄ»ΓÄ»ΓÄ»ΓÄ»ΓÄ»ΓÄ»ΓÄ»ΓÄ»ΓÄ»ΓÄ»ΓÄ»ΓÄ»ΓÄ»ΓÄ»[2/3]ΓÄ»[22m[39m

[31m[1m[7m FAIL [27m[22m[39m src/agents/context-agent.test.ts[2m > [22mContextAgent[2m > [22mtask 
management[2m > [22mshould include task progress in response
[31m[1mAssertionError[22m: expected 'Banana Bread' to be 'Test Recipe' // Object.is equality[39m

Expected: [32m"Test Recipe"[39m
Received: [31m"Banana Bread"[39m

[36m [2mΓ¥»[22m src/agents/context-agent.test.ts:[2m594:45[22m[39m
    [90m592| [39m
    [90m593| [39m      [34mexpect[39m(result[33m.[39mtaskProgress)[33m.[39m[34mtoBeDefined[39m()[33m;[39m
    [90m594| [39m      
[34mexpect[39m(result[33m.[39mtaskProgress[33m![39m[33m.[39mtaskName)[33m.[39m[34mtoBe[39m([32m'Test 
Recipe'[39m)[33m;[39m
    [90m   | [39m                                            [31m^[39m
    [90m595| [39m      [34mexpect[39m(result[33m.[39mtaskProgress[33m![39m[33m.[39mcurrentStep)[33m.[39m[3
4mtoBe[39m([34m2[39m)[33m;[39m
    [90m596| [39m    })[33m;[39m

[31m[2mΓÄ»ΓÄ»ΓÄ»ΓÄ»ΓÄ»ΓÄ»ΓÄ»ΓÄ»ΓÄ»ΓÄ»ΓÄ»ΓÄ»ΓÄ»ΓÄ»ΓÄ»ΓÄ»ΓÄ»ΓÄ»ΓÄ»ΓÄ»ΓÄ»ΓÄ»ΓÄ»ΓÄ»[3/3]ΓÄ»[22m[39m

[2m Test Files [22m [1m[31m1 failed[39m[22m[90m (1)[39m
[2m      Tests [22m [1m[31m3 failed[39m[22m[2m | [22m[1m[32m61 passed[39m[22m[90m (64)[39m
[2m   Start at [22m 23:24:47
[2m   Duration [22m 1.38s[2m (transform 370ms, setup 0ms, collect 382ms, tests 64ms, environment 1ms, prepare 369ms)[22m

